/home/jazouli/workspace/generateur_donnees/java/org/polytech/gi2017/generateur/webservice/ControlleurPages.java
/home/jazouli/workspace/generateur_donnees/java/org/polytech/gi2017/generateur/webservice/EnvoiDonnees.java
/home/jazouli/workspace/generateur_donnees/java/org/polytech/gi2017/generateur/core/Generateur.java
/home/jazouli/workspace/generateur_donnees/java/org/polytech/gi2017/generateur/webservice/WebSocketConfig.java
/home/jazouli/workspace/generateur_donnees/java/org/polytech/gi2017/generateur/webservice/ControlleurRest.java
/home/jazouli/workspace/generateur_donnees/java/org/polytech/gi2017/generateur/core/Main.java
/home/jazouli/workspace/generateur_donnees/java/org/polytech/gi2017/generateur/webservice/TypeMaisonDeserializer.java
/home/jazouli/workspace/generateur_donnees/java/org/polytech/gi2017/generateur/webservice/ServletInitializer.java
/home/jazouli/workspace/generateur_donnees/java/org/polytech/gi2017/generateur/core/Consommation.java
/home/jazouli/workspace/generateur_donnees/java/org/polytech/gi2017/generateur/core/Quartier.java
/home/jazouli/workspace/generateur_donnees/java/org/polytech/gi2017/generateur/webservice/QuartierSerializer.java
/home/jazouli/workspace/generateur_donnees/java/org/polytech/gi2017/generateur/core/Utils.java
/home/jazouli/workspace/generateur_donnees/java/org/polytech/gi2017/generateur/core/Maison.java
/home/jazouli/workspace/generateur_donnees/java/org/polytech/gi2017/generateur/core/TypeMaison.java
/home/jazouli/workspace/generateur_donnees/java/org/polytech/gi2017/generateur/webservice/QuartierDeserializer.java
/home/jazouli/workspace/generateur_donnees/java/org/polytech/gi2017/generateur/webservice/ServletConfig.java
/home/jazouli/workspace/generateur_donnees/java/org/polytech/gi2017/generateur/core/MomentJournee.java
/home/jazouli/workspace/generateur_donnees/java/org/polytech/gi2017/generateur/webservice/GenerateurDonneesApplication.java
/home/jazouli/workspace/generateur_donnees/java/org/polytech/gi2017/generateur/core/ParametresHorloge.java
/home/jazouli/workspace/generateur_donnees/java/org/polytech/gi2017/generateur/core/Horloge.java
